// Jest Snapshot v1, https://goo.gl/fbAQLP

exports[`<ProductItem /> should render properly 1`] = `
<TouchableOpacity
  activeOpacity={0.6}
  onPress={[Function]}
  style={
    Object {
      "alignItems": "center",
      "backgroundColor": "rgba(245, 245, 246, 1.00)",
      "elevation": 3,
      "flex": 1,
      "flexDirection": "row",
      "justifyContent": "space-between",
      "marginHorizontal": 0,
      "marginVertical": 10,
      "shadowColor": "#000",
      "shadowOffset": Object {
        "height": 1,
        "width": 0,
      },
      "shadowOpacity": 0.35,
      "shadowRadius": 2,
    }
  }
>
  <Image
    source={
      Object {
        "uri": "https://cdn.awsli.com.br/600x700/365/365010/produto/13341816/fe9a59131b.jpg",
      }
    }
    style={
      Object {
        "backgroundColor": "rgba(225, 226, 225, 1.00)",
        "borderColor": "rgba(225, 226, 225, 1.00)",
        "borderWidth": 2,
        "flex": 2,
        "height": 110,
      }
    }
  />
  <View
    style={
      Object {
        "flex": 3,
        "flexDirection": "column",
        "justifyContent": "space-between",
        "padding": 10,
      }
    }
  >
    <Text
      style={
        Object {
          "color": "#333",
          "flex": 1,
          "fontSize": 15,
          "fontWeight": "bold",
          "textAlign": "center",
        }
      }
    >
      Vinho Nederburg Ros√©
    </Text>
    <View
      style={
        Object {
          "alignItems": "center",
          "flexDirection": "row",
          "justifyContent": "space-around",
        }
      }
    >
      <Text
        style={
          Object {
            "color": "rgba(114, 171, 65, 1.00)",
            "flex": 1,
            "fontSize": 16,
          }
        }
      >
        R$ 200,00
      </Text>
      <Button
        iconName="add-shopping-cart"
        onPress={[Function]}
        otherProps={Object {}}
        text="Add to Cart"
        textColor="#fff"
        withIcon={true}
      />
    </View>
  </View>
</TouchableOpacity>
`;
