// Jest Snapshot v1, https://goo.gl/fbAQLP

exports[`<App /> should render properly 1`] = `
<View
  style={
    Object {
      "alignItems": "center",
      "backgroundColor": "#F5FCFF",
      "flex": 1,
      "justifyContent": "center",
    }
  }
>
  <Text
    style={
      Object {
        "fontSize": 20,
        "margin": 10,
        "textAlign": "center",
      }
    }
  >
    Welcome to React Native!
  </Text>
  <Text
    style={
      Object {
        "color": "#333333",
        "fontSize": 16,
        "marginBottom": 5,
        "textAlign": "center",
      }
    }
  >
    Your App is ready and you already have:
  </Text>
  <View
    style={
      Object {
        "marginVertical": 10,
      }
    }
  >
    <Text
      style={
        Object {
          "fontSize": 16,
          "marginVertical": 5,
        }
      }
    >
      ✅ ESLint
    </Text>
    <Text
      style={
        Object {
          "fontSize": 16,
          "marginVertical": 5,
        }
      }
    >
      ✅ Prettier
    </Text>
    <Text
      style={
        Object {
          "fontSize": 16,
          "marginVertical": 5,
        }
      }
    >
      ✅ Lint Staged
    </Text>
    <Text
      style={
        Object {
          "fontSize": 16,
          "marginVertical": 5,
        }
      }
    >
      ✅ Flow
    </Text>
    <Text
      style={
        Object {
          "fontSize": 16,
          "marginVertical": 5,
        }
      }
    >
      ✅ Custom Scripts
    </Text>
  </View>
  <Text
    style={
      Object {
        "color": "#333333",
        "fontSize": 16,
        "marginBottom": 5,
        "textAlign": "center",
      }
    }
  >
    To get started, edit App.js
  </Text>
  <Text
    style={
      Object {
        "color": "#333333",
        "fontSize": 16,
        "marginBottom": 5,
        "textAlign": "center",
      }
    }
  >
    Press Cmd+R to reload,
Cmd+D or shake for dev menu
  </Text>
</View>
`;
